Turn on homing:01 01 02 01 05 10 03 10 01 01 0c bd 
Turn off homing:01 01 02 01 05 10 03 10 01 00 cc 7c
Sensor A: 01 01 01 01 04 10 03 10 03 7C 9F
Sensor B: 01 01 01 01 04 10 03 10 04 BE DE
Sensor C: 01 01 01 01 04 10 03 10 05 7E 1F
Sensor Z: 01 01 01 01 04 10 03 10 06 7F 5F

PS C:\dev\eit-magnetic-rig> cd .\nodes\
PS C:\dev\eit-magnetic-rig\nodes> node test-pri.js
connected
true
sent undefined
PS C:\dev\eit-magnetic-rig\nodes> node test-pri.js
connected
true
sent undefined
PS C:\dev\eit-magnetic-rig\nodes> node test-pri.js
    view.setUint16(11, 0xbd);
         ^

RangeError: Offset is outside the bounds of the DataView
    at firstTest (C:\dev\eit-magnetic-rig\nodes\test-pri.js:113:10)
    at Object.<anonymous> (C:\dev\eit-magnetic-rig\nodes\test-pri.js:123:1)
    at Module._compile (node:internal/modules/cjs/loader:1256:14)
    at Module.load (node:internal/modules/cjs/loader:1119:32)
    at Module._load (node:internal/modules/cjs/loader:960:12)
    at Function.executeUserEntryPoint [as runMain] (node:internal/modules/run_main:86:12)
    at node:internal/main/run_main_module:23:47
Node.js v18.18.0
PS C:\dev\eit-magnetic-rig\nodes> node test-pri.js
connected
sent undefined
data <Buffer 01 02 02 01 05 10 03 10 01 01 fc a9>
PS C:\dev\eit-magnetic-rig\nodes> node test-pri.js
true
sent undefined
PS C:\dev\eit-magnetic-rig\nodes> node test-pri.js
connected
data <Buffer 01 02 02 01 05 10 03 10 01 01 fc a9>
PS C:\dev\eit-magnetic-rig\nodes> node test-pri.js
connected
true
PS C:\dev\eit-magnetic-rig\nodes> node test-pri.js
connected
true
sent undefined
connected
true
sent undefined
data <Buffer 01 02 02 01 05 10 03 10 01 01 fc a9>
PS C:\dev\eit-magnetic-rig\nodes> node test-pri.js
connected
true
sent undefined
PS C:\dev\eit-magnetic-rig\nodes> node test-pri.js
connected
true
sent undefined
PS C:\dev\eit-magnetic-rig\nodes> node test-pri.js
connected
true
sent undefined
PS C:\dev\eit-magnetic-rig\nodes> node test-pri.js
connected
true
sent undefined
PS C:\dev\eit-magnetic-rig\nodes> node test-pri.js
connected
true
sent undefined
data <Buffer 01 02 01 01 06 10 03 10 03 03 44 1d bb>
PS C:\dev\eit-magnetic-rig\nodes> node test-pri.js
connected
true
sent undefined
data <Buffer 01 02 01 01 06 10 03 10 04 01 e4 c4 0b>
PS C:\dev\eit-magnetic-rig\nodes> node test-pri.js
connected
true
sent undefined
data <Buffer 01 02 01 01 06 10 03 10 05 02 22 a6 da>
PS C:\dev\eit-magnetic-rig\nodes> node test-pri.js
connected
true
sent undefined
data <Buffer 01 02 01 01 06 10 03 10 06 04 15 d0 68>

Ja:
01 - Start på melding
02 - Svar på forespørsel
01 - Svar på lesekommando
01 - Alt OK
06 - Lengden på payload (ikke inkuldert Check Sum)
10 03 10 03 - TAG  til sensor A.
03 44 - Verdien til sensor A MSB (0x0344)